.next/dev/types/validator.ts(125,39): error TS2307: Cannot find module '../../../app/particles/page.js' or its corresponding type declarations.
